// Jest Snapshot v1, https://goo.gl/fbAQLP

exports[`Cart should match the snapshot 1`] = `
<div
  className="cart"
>
  <Header
    title="Cart"
  />
  <div>
    <button
      onClick={[MockFunction]}
    >
      Add Product
    </button>
    <button
      onClick={[MockFunction]}
    >
      Save Cart
    </button>
  </div>
  <Table
    items={
      Array [
        "marlar",
        "foobar",
      ]
    }
  />
</div>
`;
